Archive member included to satisfy reference by file (symbol)

z:/program files/avr/7.0/toolchain/avr8/avr8-gnu-toolchain/bin/../lib/gcc/avr/5.4.0/avr5\libgcc.a(_divmodhi4.o)
                              lcd_i2c.o (__divmodhi4)
z:/program files/avr/7.0/toolchain/avr8/avr8-gnu-toolchain/bin/../lib/gcc/avr/5.4.0/avr5\libgcc.a(_exit.o)
                              Z:/Program Files/AVR/7.0/Packs/atmel/ATmega_DFP/1.7.374/gcc/dev/atmega328p/avr5/crtatmega328p.o (exit)
z:/program files/avr/7.0/toolchain/avr8/avr8-gnu-toolchain/bin/../lib/gcc/avr/5.4.0/avr5\libgcc.a(_copy_data.o)
                              lcd_4b.o (__do_copy_data)
z:/program files/avr/7.0/toolchain/avr8/avr8-gnu-toolchain/bin/../lib/gcc/avr/5.4.0/avr5\libgcc.a(_clear_bss.o)
                              comp.o (__do_clear_bss)
z:/program files/avr/7.0/toolchain/avr8/avr8-gnu-toolchain/bin/../lib/gcc/avr/5.4.0/avr5\libgcc.a(_udivmodhi4.o)
                              z:/program files/avr/7.0/toolchain/avr8/avr8-gnu-toolchain/bin/../lib/gcc/avr/5.4.0/avr5\libgcc.a(_divmodhi4.o) (__udivmodhi4)
z:/program files/avr/7.0/toolchain/avr8/avr8-gnu-toolchain/bin/../lib/gcc/avr/5.4.0/../../../../avr/lib/avr5\libc.a(ltoa_ncheck.o)
                              main.o (__ltoa_ncheck)
z:/program files/avr/7.0/toolchain/avr8/avr8-gnu-toolchain/bin/../lib/gcc/avr/5.4.0/../../../../avr/lib/avr5\libc.a(ultoa_ncheck.o)
                              z:/program files/avr/7.0/toolchain/avr8/avr8-gnu-toolchain/bin/../lib/gcc/avr/5.4.0/../../../../avr/lib/avr5\libc.a(ltoa_ncheck.o) (__ultoa_common)
z:/program files/avr/7.0/toolchain/avr8/avr8-gnu-toolchain/bin/../lib/gcc/avr/5.4.0/../../../../avr/lib/avr5\libc.a(strrev.o)
                              z:/program files/avr/7.0/toolchain/avr8/avr8-gnu-toolchain/bin/../lib/gcc/avr/5.4.0/../../../../avr/lib/avr5\libc.a(ultoa_ncheck.o) (strrev)

Allocating common symbols
Common symbol       size              file

tot_overflow        0x1               timers.o

Discarded input sections

 .data          0x00000000        0x0 Z:/Program Files/AVR/7.0/Packs/atmel/ATmega_DFP/1.7.374/gcc/dev/atmega328p/avr5/crtatmega328p.o
 .bss           0x00000000        0x0 Z:/Program Files/AVR/7.0/Packs/atmel/ATmega_DFP/1.7.374/gcc/dev/atmega328p/avr5/crtatmega328p.o
 .text          0x00000000        0x0 comp.o
 .data          0x00000000        0x0 comp.o
 .bss           0x00000000        0x0 comp.o
 COMMON         0x00000000        0x0 comp.o
 .text          0x00000000        0x0 ext_int.o
 .data          0x00000000        0x0 ext_int.o
 .bss           0x00000000        0x0 ext_int.o
 .text.init_int0
                0x00000000       0x12 ext_int.o
 .text          0x00000000        0x0 i2c.o
 .data          0x00000000        0x0 i2c.o
 .bss           0x00000000        0x0 i2c.o
 .text.read_i2c
                0x00000000       0x14 i2c.o
 .text          0x00000000        0x0 lcd_4b.o
 .data          0x00000000        0x0 lcd_4b.o
 .bss           0x00000000        0x0 lcd_4b.o
 .text.lcd_reset
                0x00000000       0x60 lcd_4b.o
 .text.lcd_cmd  0x00000000       0x36 lcd_4b.o
 .text.lcd_init
                0x00000000       0x1e lcd_4b.o
 .text.lcd_data
                0x00000000       0x3a lcd_4b.o
 .text.lcd_col_row
                0x00000000       0x14 lcd_4b.o
 .text.lcd_clr  0x00000000       0x14 lcd_4b.o
 .text.lcd_write_string
                0x00000000       0x2c lcd_4b.o
 .data.FirstColumn
                0x00000000        0x2 lcd_4b.o
 .debug_info    0x00000000      0x49f lcd_4b.o
 .debug_abbrev  0x00000000      0x15d lcd_4b.o
 .debug_loc     0x00000000      0x3e7 lcd_4b.o
 .debug_aranges
                0x00000000       0x50 lcd_4b.o
 .debug_ranges  0x00000000       0x40 lcd_4b.o
 .debug_line    0x00000000      0x258 lcd_4b.o
 .debug_str     0x00000000      0x214 lcd_4b.o
 .comment       0x00000000       0x31 lcd_4b.o
 .debug_frame   0x00000000       0x98 lcd_4b.o
 .text          0x00000000        0x0 lcd_i2c.o
 .data          0x00000000        0x0 lcd_i2c.o
 .bss           0x00000000        0x0 lcd_i2c.o
 .text.lcd_i2c_write_int
                0x00000000       0xc0 lcd_i2c.o
 .text          0x00000000        0x0 leds.o
 .data          0x00000000        0x0 leds.o
 .bss           0x00000000        0x0 leds.o
 .text.led_on_off
                0x00000000       0x1c leds.o
 .text.led_on_off_fast
                0x00000000       0x2c leds.o
 .debug_info    0x00000000      0x169 leds.o
 .debug_abbrev  0x00000000       0xdc leds.o
 .debug_loc     0x00000000       0xb4 leds.o
 .debug_aranges
                0x00000000       0x28 leds.o
 .debug_ranges  0x00000000       0x18 leds.o
 .debug_line    0x00000000      0x13e leds.o
 .debug_str     0x00000000      0x1ca leds.o
 .comment       0x00000000       0x31 leds.o
 .debug_frame   0x00000000       0x34 leds.o
 .text          0x00000000        0x0 main.o
 .data          0x00000000        0x0 main.o
 .bss           0x00000000        0x0 main.o
 .text          0x00000000        0x0 ports.o
 .data          0x00000000        0x0 ports.o
 .bss           0x00000000        0x0 ports.o
 .text          0x00000000        0x0 timers.o
 .data          0x00000000        0x0 timers.o
 .bss           0x00000000        0x0 timers.o
 .text.timer0_normalmode_noprescaler
                0x00000000       0x2c timers.o
 .text.timer0_normalmode_prescaler
                0x00000000       0x1a timers.o
 .text.timer0_overflow_interrupt
                0x00000000       0x14 timers.o
 .text.timer1_normalmode_noprescaler
                0x00000000       0x32 timers.o
 .text.timer1_CTCmode_interrupt
                0x00000000       0x38 timers.o
 .text.timer1_CTCmode_nonPWM
                0x00000000       0x38 timers.o
 .text.timer1_fastPWM_inverting
                0x00000000       0x3e timers.o
 .text.timer2_CTCmode
                0x00000000       0x1c timers.o
 .text.Timer2_PhaseCorrectPWMMode_Inverting
                0x00000000       0x22 timers.o
 .text          0x00000000        0x0 z:/program files/avr/7.0/toolchain/avr8/avr8-gnu-toolchain/bin/../lib/gcc/avr/5.4.0/avr5\libgcc.a(_divmodhi4.o)
 .data          0x00000000        0x0 z:/program files/avr/7.0/toolchain/avr8/avr8-gnu-toolchain/bin/../lib/gcc/avr/5.4.0/avr5\libgcc.a(_divmodhi4.o)
 .bss           0x00000000        0x0 z:/program files/avr/7.0/toolchain/avr8/avr8-gnu-toolchain/bin/../lib/gcc/avr/5.4.0/avr5\libgcc.a(_divmodhi4.o)
 .text.libgcc.mul
                0x00000000        0x0 z:/program files/avr/7.0/toolchain/avr8/avr8-gnu-toolchain/bin/../lib/gcc/avr/5.4.0/avr5\libgcc.a(_divmodhi4.o)
 .text.libgcc.div
                0x00000000       0x28 z:/program files/avr/7.0/toolchain/avr8/avr8-gnu-toolchain/bin/../lib/gcc/avr/5.4.0/avr5\libgcc.a(_divmodhi4.o)
 .text.libgcc   0x00000000        0x0 z:/program files/avr/7.0/toolchain/avr8/avr8-gnu-toolchain/bin/../lib/gcc/avr/5.4.0/avr5\libgcc.a(_divmodhi4.o)
 .text.libgcc.prologue
                0x00000000        0x0 z:/program files/avr/7.0/toolchain/avr8/avr8-gnu-toolchain/bin/../lib/gcc/avr/5.4.0/avr5\libgcc.a(_divmodhi4.o)
 .text.libgcc.builtins
                0x00000000        0x0 z:/program files/avr/7.0/toolchain/avr8/avr8-gnu-toolchain/bin/../lib/gcc/avr/5.4.0/avr5\libgcc.a(_divmodhi4.o)
 .text.libgcc.fmul
                0x00000000        0x0 z:/program files/avr/7.0/toolchain/avr8/avr8-gnu-toolchain/bin/../lib/gcc/avr/5.4.0/avr5\libgcc.a(_divmodhi4.o)
 .text.libgcc.fixed
                0x00000000        0x0 z:/program files/avr/7.0/toolchain/avr8/avr8-gnu-toolchain/bin/../lib/gcc/avr/5.4.0/avr5\libgcc.a(_divmodhi4.o)
 .text          0x00000000        0x0 z:/program files/avr/7.0/toolchain/avr8/avr8-gnu-toolchain/bin/../lib/gcc/avr/5.4.0/avr5\libgcc.a(_exit.o)
 .data          0x00000000        0x0 z:/program files/avr/7.0/toolchain/avr8/avr8-gnu-toolchain/bin/../lib/gcc/avr/5.4.0/avr5\libgcc.a(_exit.o)
 .bss           0x00000000        0x0 z:/program files/avr/7.0/toolchain/avr8/avr8-gnu-toolchain/bin/../lib/gcc/avr/5.4.0/avr5\libgcc.a(_exit.o)
 .text.libgcc.mul
                0x00000000        0x0 z:/program files/avr/7.0/toolchain/avr8/avr8-gnu-toolchain/bin/../lib/gcc/avr/5.4.0/avr5\libgcc.a(_exit.o)
 .text.libgcc.div
                0x00000000        0x0 z:/program files/avr/7.0/toolchain/avr8/avr8-gnu-toolchain/bin/../lib/gcc/avr/5.4.0/avr5\libgcc.a(_exit.o)
 .text.libgcc   0x00000000        0x0 z:/program files/avr/7.0/toolchain/avr8/avr8-gnu-toolchain/bin/../lib/gcc/avr/5.4.0/avr5\libgcc.a(_exit.o)
 .text.libgcc.prologue
                0x00000000        0x0 z:/program files/avr/7.0/toolchain/avr8/avr8-gnu-toolchain/bin/../lib/gcc/avr/5.4.0/avr5\libgcc.a(_exit.o)
 .text.libgcc.builtins
                0x00000000        0x0 z:/program files/avr/7.0/toolchain/avr8/avr8-gnu-toolchain/bin/../lib/gcc/avr/5.4.0/avr5\libgcc.a(_exit.o)
 .text.libgcc.fmul
                0x00000000        0x0 z:/program files/avr/7.0/toolchain/avr8/avr8-gnu-toolchain/bin/../lib/gcc/avr/5.4.0/avr5\libgcc.a(_exit.o)
 .text.libgcc.fixed
                0x00000000        0x0 z:/program files/avr/7.0/toolchain/avr8/avr8-gnu-toolchain/bin/../lib/gcc/avr/5.4.0/avr5\libgcc.a(_exit.o)
 .text          0x00000000        0x0 z:/program files/avr/7.0/toolchain/avr8/avr8-gnu-toolchain/bin/../lib/gcc/avr/5.4.0/avr5\libgcc.a(_copy_data.o)
 .data          0x00000000        0x0 z:/program files/avr/7.0/toolchain/avr8/avr8-gnu-toolchain/bin/../lib/gcc/avr/5.4.0/avr5\libgcc.a(_copy_data.o)
 .bss           0x00000000        0x0 z:/program files/avr/7.0/toolchain/avr8/avr8-gnu-toolchain/bin/../lib/gcc/avr/5.4.0/avr5\libgcc.a(_copy_data.o)
 .text.libgcc.mul
                0x00000000        0x0 z:/program files/avr/7.0/toolchain/avr8/avr8-gnu-toolchain/bin/../lib/gcc/avr/5.4.0/avr5\libgcc.a(_copy_data.o)
 .text.libgcc.div
                0x00000000        0x0 z:/program files/avr/7.0/toolchain/avr8/avr8-gnu-toolchain/bin/../lib/gcc/avr/5.4.0/avr5\libgcc.a(_copy_data.o)
 .text.libgcc   0x00000000        0x0 z:/program files/avr/7.0/toolchain/avr8/avr8-gnu-toolchain/bin/../lib/gcc/avr/5.4.0/avr5\libgcc.a(_copy_data.o)
 .text.libgcc.prologue
                0x00000000        0x0 z:/program files/avr/7.0/toolchain/avr8/avr8-gnu-toolchain/bin/../lib/gcc/avr/5.4.0/avr5\libgcc.a(_copy_data.o)
 .text.libgcc.builtins
                0x00000000        0x0 z:/program files/avr/7.0/toolchain/avr8/avr8-gnu-toolchain/bin/../lib/gcc/avr/5.4.0/avr5\libgcc.a(_copy_data.o)
 .text.libgcc.fmul
                0x00000000        0x0 z:/program files/avr/7.0/toolchain/avr8/avr8-gnu-toolchain/bin/../lib/gcc/avr/5.4.0/avr5\libgcc.a(_copy_data.o)
 .text.libgcc.fixed
                0x00000000        0x0 z:/program files/avr/7.0/toolchain/avr8/avr8-gnu-toolchain/bin/../lib/gcc/avr/5.4.0/avr5\libgcc.a(_copy_data.o)
 .text          0x00000000        0x0 z:/program files/avr/7.0/toolchain/avr8/avr8-gnu-toolchain/bin/../lib/gcc/avr/5.4.0/avr5\libgcc.a(_clear_bss.o)
 .data          0x00000000        0x0 z:/program files/avr/7.0/toolchain/avr8/avr8-gnu-toolchain/bin/../lib/gcc/avr/5.4.0/avr5\libgcc.a(_clear_bss.o)
 .bss           0x00000000        0x0 z:/program files/avr/7.0/toolchain/avr8/avr8-gnu-toolchain/bin/../lib/gcc/avr/5.4.0/avr5\libgcc.a(_clear_bss.o)
 .text.libgcc.mul
                0x00000000        0x0 z:/program files/avr/7.0/toolchain/avr8/avr8-gnu-toolchain/bin/../lib/gcc/avr/5.4.0/avr5\libgcc.a(_clear_bss.o)
 .text.libgcc.div
                0x00000000        0x0 z:/program files/avr/7.0/toolchain/avr8/avr8-gnu-toolchain/bin/../lib/gcc/avr/5.4.0/avr5\libgcc.a(_clear_bss.o)
 .text.libgcc   0x00000000        0x0 z:/program files/avr/7.0/toolchain/avr8/avr8-gnu-toolchain/bin/../lib/gcc/avr/5.4.0/avr5\libgcc.a(_clear_bss.o)
 .text.libgcc.prologue
                0x00000000        0x0 z:/program files/avr/7.0/toolchain/avr8/avr8-gnu-toolchain/bin/../lib/gcc/avr/5.4.0/avr5\libgcc.a(_clear_bss.o)
 .text.libgcc.builtins
                0x00000000        0x0 z:/program files/avr/7.0/toolchain/avr8/avr8-gnu-toolchain/bin/../lib/gcc/avr/5.4.0/avr5\libgcc.a(_clear_bss.o)
 .text.libgcc.fmul
                0x00000000        0x0 z:/program files/avr/7.0/toolchain/avr8/avr8-gnu-toolchain/bin/../lib/gcc/avr/5.4.0/avr5\libgcc.a(_clear_bss.o)
 .text.libgcc.fixed
                0x00000000        0x0 z:/program files/avr/7.0/toolchain/avr8/avr8-gnu-toolchain/bin/../lib/gcc/avr/5.4.0/avr5\libgcc.a(_clear_bss.o)
 .text          0x00000000        0x0 z:/program files/avr/7.0/toolchain/avr8/avr8-gnu-toolchain/bin/../lib/gcc/avr/5.4.0/avr5\libgcc.a(_udivmodhi4.o)
 .data          0x00000000        0x0 z:/program files/avr/7.0/toolchain/avr8/avr8-gnu-toolchain/bin/../lib/gcc/avr/5.4.0/avr5\libgcc.a(_udivmodhi4.o)
 .bss           0x00000000        0x0 z:/program files/avr/7.0/toolchain/avr8/avr8-gnu-toolchain/bin/../lib/gcc/avr/5.4.0/avr5\libgcc.a(_udivmodhi4.o)
 .text.libgcc.mul
                0x00000000        0x0 z:/program files/avr/7.0/toolchain/avr8/avr8-gnu-toolchain/bin/../lib/gcc/avr/5.4.0/avr5\libgcc.a(_udivmodhi4.o)
 .text.libgcc.div
                0x00000000       0x28 z:/program files/avr/7.0/toolchain/avr8/avr8-gnu-toolchain/bin/../lib/gcc/avr/5.4.0/avr5\libgcc.a(_udivmodhi4.o)
 .text.libgcc   0x00000000        0x0 z:/program files/avr/7.0/toolchain/avr8/avr8-gnu-toolchain/bin/../lib/gcc/avr/5.4.0/avr5\libgcc.a(_udivmodhi4.o)
 .text.libgcc.prologue
                0x00000000        0x0 z:/program files/avr/7.0/toolchain/avr8/avr8-gnu-toolchain/bin/../lib/gcc/avr/5.4.0/avr5\libgcc.a(_udivmodhi4.o)
 .text.libgcc.builtins
                0x00000000        0x0 z:/program files/avr/7.0/toolchain/avr8/avr8-gnu-toolchain/bin/../lib/gcc/avr/5.4.0/avr5\libgcc.a(_udivmodhi4.o)
 .text.libgcc.fmul
                0x00000000        0x0 z:/program files/avr/7.0/toolchain/avr8/avr8-gnu-toolchain/bin/../lib/gcc/avr/5.4.0/avr5\libgcc.a(_udivmodhi4.o)
 .text.libgcc.fixed
                0x00000000        0x0 z:/program files/avr/7.0/toolchain/avr8/avr8-gnu-toolchain/bin/../lib/gcc/avr/5.4.0/avr5\libgcc.a(_udivmodhi4.o)
 .text          0x00000000        0x0 z:/program files/avr/7.0/toolchain/avr8/avr8-gnu-toolchain/bin/../lib/gcc/avr/5.4.0/../../../../avr/lib/avr5\libc.a(ltoa_ncheck.o)
 .data          0x00000000        0x0 z:/program files/avr/7.0/toolchain/avr8/avr8-gnu-toolchain/bin/../lib/gcc/avr/5.4.0/../../../../avr/lib/avr5\libc.a(ltoa_ncheck.o)
 .bss           0x00000000        0x0 z:/program files/avr/7.0/toolchain/avr8/avr8-gnu-toolchain/bin/../lib/gcc/avr/5.4.0/../../../../avr/lib/avr5\libc.a(ltoa_ncheck.o)
 .text          0x00000000        0x0 z:/program files/avr/7.0/toolchain/avr8/avr8-gnu-toolchain/bin/../lib/gcc/avr/5.4.0/../../../../avr/lib/avr5\libc.a(ultoa_ncheck.o)
 .data          0x00000000        0x0 z:/program files/avr/7.0/toolchain/avr8/avr8-gnu-toolchain/bin/../lib/gcc/avr/5.4.0/../../../../avr/lib/avr5\libc.a(ultoa_ncheck.o)
 .bss           0x00000000        0x0 z:/program files/avr/7.0/toolchain/avr8/avr8-gnu-toolchain/bin/../lib/gcc/avr/5.4.0/../../../../avr/lib/avr5\libc.a(ultoa_ncheck.o)
 .text          0x00000000        0x0 z:/program files/avr/7.0/toolchain/avr8/avr8-gnu-toolchain/bin/../lib/gcc/avr/5.4.0/../../../../avr/lib/avr5\libc.a(strrev.o)
 .data          0x00000000        0x0 z:/program files/avr/7.0/toolchain/avr8/avr8-gnu-toolchain/bin/../lib/gcc/avr/5.4.0/../../../../avr/lib/avr5\libc.a(strrev.o)
 .bss           0x00000000        0x0 z:/program files/avr/7.0/toolchain/avr8/avr8-gnu-toolchain/bin/../lib/gcc/avr/5.4.0/../../../../avr/lib/avr5\libc.a(strrev.o)

Memory Configuration

Name             Origin             Length             Attributes
text             0x00000000         0x00008000         xr
data             0x00800100         0x00000800         rw !x
eeprom           0x00810000         0x00000400         rw !x
fuse             0x00820000         0x00000003         rw !x
lock             0x00830000         0x00000400         rw !x
signature        0x00840000         0x00000400         rw !x
user_signatures  0x00850000         0x00000400         rw !x
*default*        0x00000000         0xffffffff

Linker script and memory map

Address of section .data set to 0x800100
LOAD Z:/Program Files/AVR/7.0/Packs/atmel/ATmega_DFP/1.7.374/gcc/dev/atmega328p/avr5/crtatmega328p.o
LOAD comp.o
LOAD ext_int.o
LOAD i2c.o
LOAD lcd_4b.o
LOAD lcd_i2c.o
LOAD leds.o
LOAD main.o
LOAD ports.o
LOAD timers.o
START GROUP
LOAD z:/program files/avr/7.0/toolchain/avr8/avr8-gnu-toolchain/bin/../lib/gcc/avr/5.4.0/../../../../avr/lib/avr5\libm.a
END GROUP
START GROUP
LOAD z:/program files/avr/7.0/toolchain/avr8/avr8-gnu-toolchain/bin/../lib/gcc/avr/5.4.0/avr5\libgcc.a
LOAD z:/program files/avr/7.0/toolchain/avr8/avr8-gnu-toolchain/bin/../lib/gcc/avr/5.4.0/../../../../avr/lib/avr5\libm.a
LOAD z:/program files/avr/7.0/toolchain/avr8/avr8-gnu-toolchain/bin/../lib/gcc/avr/5.4.0/../../../../avr/lib/avr5\libc.a
LOAD Z:/Program Files/AVR/7.0/Packs/atmel/ATmega_DFP/1.7.374/gcc/dev/atmega328p/avr5\libatmega328p.a
END GROUP
                0x00000000                __TEXT_REGION_ORIGIN__ = DEFINED (__TEXT_REGION_ORIGIN__)?__TEXT_REGION_ORIGIN__:0x0
                [0x00800100]                __DATA_REGION_ORIGIN__ = DEFINED (__DATA_REGION_ORIGIN__)?__DATA_REGION_ORIGIN__:0x800060
                [0x00008000]                __TEXT_REGION_LENGTH__ = DEFINED (__TEXT_REGION_LENGTH__)?__TEXT_REGION_LENGTH__:0x20000
                [0x00000800]                __DATA_REGION_LENGTH__ = DEFINED (__DATA_REGION_LENGTH__)?__DATA_REGION_LENGTH__:0xffa0
                [0x00000400]                __EEPROM_REGION_LENGTH__ = DEFINED (__EEPROM_REGION_LENGTH__)?__EEPROM_REGION_LENGTH__:0x10000
                [0x00000003]                __FUSE_REGION_LENGTH__ = DEFINED (__FUSE_REGION_LENGTH__)?__FUSE_REGION_LENGTH__:0x400
                0x00000400                __LOCK_REGION_LENGTH__ = DEFINED (__LOCK_REGION_LENGTH__)?__LOCK_REGION_LENGTH__:0x400
                0x00000400                __SIGNATURE_REGION_LENGTH__ = DEFINED (__SIGNATURE_REGION_LENGTH__)?__SIGNATURE_REGION_LENGTH__:0x400
                0x00000400                __USER_SIGNATURE_REGION_LENGTH__ = DEFINED (__USER_SIGNATURE_REGION_LENGTH__)?__USER_SIGNATURE_REGION_LENGTH__:0x400

.hash
 *(.hash)

.dynsym
 *(.dynsym)

.dynstr
 *(.dynstr)

.gnu.version
 *(.gnu.version)

.gnu.version_d
 *(.gnu.version_d)

.gnu.version_r
 *(.gnu.version_r)

.rel.init
 *(.rel.init)

.rela.init
 *(.rela.init)

.rel.text
 *(.rel.text)
 *(.rel.text.*)
 *(.rel.gnu.linkonce.t*)

.rela.text
 *(.rela.text)
 *(.rela.text.*)
 *(.rela.gnu.linkonce.t*)

.rel.fini
 *(.rel.fini)

.rela.fini
 *(.rela.fini)

.rel.rodata
 *(.rel.rodata)
 *(.rel.rodata.*)
 *(.rel.gnu.linkonce.r*)

.rela.rodata
 *(.rela.rodata)
 *(.rela.rodata.*)
 *(.rela.gnu.linkonce.r*)

.rel.data
 *(.rel.data)
 *(.rel.data.*)
 *(.rel.gnu.linkonce.d*)

.rela.data
 *(.rela.data)
 *(.rela.data.*)
 *(.rela.gnu.linkonce.d*)

.rel.ctors
 *(.rel.ctors)

.rela.ctors
 *(.rela.ctors)

.rel.dtors
 *(.rel.dtors)

.rela.dtors
 *(.rela.dtors)

.rel.got
 *(.rel.got)

.rela.got
 *(.rela.got)

.rel.bss
 *(.rel.bss)

.rela.bss
 *(.rela.bss)

.rel.plt
 *(.rel.plt)

.rela.plt
 *(.rela.plt)

.text           0x00000000      0x6b8
 *(.vectors)
 .vectors       0x00000000       0x68 Z:/Program Files/AVR/7.0/Packs/atmel/ATmega_DFP/1.7.374/gcc/dev/atmega328p/avr5/crtatmega328p.o
                0x00000000                __vector_default
                0x00000000                __vectors
 *(.vectors)
 *(.progmem.gcc*)
                0x00000068                . = ALIGN (0x2)
                0x00000068                __trampolines_start = .
 *(.trampolines)
 .trampolines   0x00000068        0x0 linker stubs
 *(.trampolines*)
                0x00000068                __trampolines_end = .
 *libprintf_flt.a:*(.progmem.data)
 *libc.a:*(.progmem.data)
 *(.progmem*)
                0x00000068                . = ALIGN (0x2)
 *(.jumptables)
 *(.jumptables*)
 *(.lowtext)
 *(.lowtext*)
                0x00000068                __ctors_start = .
 *(.ctors)
                0x00000068                __ctors_end = .
                0x00000068                __dtors_start = .
 *(.dtors)
                0x00000068                __dtors_end = .
 SORT(*)(.ctors)
 SORT(*)(.dtors)
 *(.init0)
 .init0         0x00000068        0x0 Z:/Program Files/AVR/7.0/Packs/atmel/ATmega_DFP/1.7.374/gcc/dev/atmega328p/avr5/crtatmega328p.o
                0x00000068                __init
 *(.init0)
 *(.init1)
 *(.init1)
 *(.init2)
 .init2         0x00000068        0xc Z:/Program Files/AVR/7.0/Packs/atmel/ATmega_DFP/1.7.374/gcc/dev/atmega328p/avr5/crtatmega328p.o
 *(.init2)
 *(.init3)
 *(.init3)
 *(.init4)
 .init4         0x00000074       0x16 z:/program files/avr/7.0/toolchain/avr8/avr8-gnu-toolchain/bin/../lib/gcc/avr/5.4.0/avr5\libgcc.a(_copy_data.o)
                0x00000074                __do_copy_data
 .init4         0x0000008a       0x10 z:/program files/avr/7.0/toolchain/avr8/avr8-gnu-toolchain/bin/../lib/gcc/avr/5.4.0/avr5\libgcc.a(_clear_bss.o)
                0x0000008a                __do_clear_bss
 *(.init4)
 *(.init5)
 *(.init5)
 *(.init6)
 *(.init6)
 *(.init7)
 *(.init7)
 *(.init8)
 *(.init8)
 *(.init9)
 .init9         0x0000009a        0x8 Z:/Program Files/AVR/7.0/Packs/atmel/ATmega_DFP/1.7.374/gcc/dev/atmega328p/avr5/crtatmega328p.o
 *(.init9)
 *(.text)
 .text          0x000000a2        0x4 Z:/Program Files/AVR/7.0/Packs/atmel/ATmega_DFP/1.7.374/gcc/dev/atmega328p/avr5/crtatmega328p.o
                0x000000a2                __vector_22
                0x000000a2                __vector_24
                0x000000a2                __vector_12
                0x000000a2                __bad_interrupt
                0x000000a2                __vector_6
                0x000000a2                __vector_25
                0x000000a2                __vector_13
                0x000000a2                __vector_17
                0x000000a2                __vector_19
                0x000000a2                __vector_7
                0x000000a2                __vector_5
                0x000000a2                __vector_4
                0x000000a2                __vector_9
                0x000000a2                __vector_21
                0x000000a2                __vector_15
                0x000000a2                __vector_8
                0x000000a2                __vector_14
                0x000000a2                __vector_10
                0x000000a2                __vector_18
                0x000000a2                __vector_20
                0x000000a6                . = ALIGN (0x2)
 *(.text.*)
 .text.__vector_23
                0x000000a6       0x14 comp.o
                0x000000a6                __vector_23
 .text.init_comp
                0x000000ba        0xe comp.o
                0x000000ba                init_comp
 .text.__vector_1
                0x000000c8       0x14 ext_int.o
                0x000000c8                __vector_1
 .text.init_ext_int12
                0x000000dc       0x2c ext_int.o
                0x000000dc                init_ext_int12
 .text.__vector_2
                0x00000108       0x26 ext_int.o
                0x00000108                __vector_2
 .text.__vector_3
                0x0000012e       0x2a ext_int.o
                0x0000012e                __vector_3
 .text.init_i2c
                0x00000158       0x12 i2c.o
                0x00000158                init_i2c
 .text.start    0x0000016a       0x10 i2c.o
                0x0000016a                start
 .text.stop     0x0000017a       0x14 i2c.o
                0x0000017a                stop
 .text.write_i2c
                0x0000018e       0x14 i2c.o
                0x0000018e                write_i2c
 .text.lcd_i2c_reset
                0x000001a2       0x88 lcd_i2c.o
                0x000001a2                lcd_i2c_reset
 .text.lcd_i2c_cmd
                0x0000022a       0x5c lcd_i2c.o
                0x0000022a                lcd_i2c_cmd
 .text.lcd_i2c_init
                0x00000286       0x22 lcd_i2c.o
                0x00000286                lcd_i2c_init
 .text.lcd_i2c_data
                0x000002a8       0x5e lcd_i2c.o
                0x000002a8                lcd_i2c_data
 .text.lcd_i2c_col_row
                0x00000306       0x14 lcd_i2c.o
                0x00000306                lcd_i2c_col_row
 .text.lcd_i2c_clr
                0x0000031a       0x14 lcd_i2c.o
                0x0000031a                lcd_i2c_clr
 .text.lcd_i2c_write_string
                0x0000032e       0x2c lcd_i2c.o
                0x0000032e                lcd_i2c_write_string
 .text.main     0x0000035a      0x156 main.o
                0x0000035a                main
 .text.init_ports
                0x000004b0       0x10 ports.o
                0x000004b0                init_ports
 .text.timer1_ctc_1ms_init
                0x000004c0       0x28 timers.o
                0x000004c0                timer1_ctc_1ms_init
 .text.__vector_11
                0x000004e8      0x110 timers.o
                0x000004e8                __vector_11
 .text.__vector_16
                0x000005f8       0x3a timers.o
                0x000005f8                __vector_16
 .text.avr-libc
                0x00000632       0x1e z:/program files/avr/7.0/toolchain/avr8/avr8-gnu-toolchain/bin/../lib/gcc/avr/5.4.0/../../../../avr/lib/avr5\libc.a(ltoa_ncheck.o)
                0x00000632                __ltoa_ncheck
 .text.avr-libc
                0x00000650       0x44 z:/program files/avr/7.0/toolchain/avr8/avr8-gnu-toolchain/bin/../lib/gcc/avr/5.4.0/../../../../avr/lib/avr5\libc.a(ultoa_ncheck.o)
                0x00000650                __ultoa_ncheck
                0x00000652                __ultoa_common
 .text.avr-libc
                0x00000694       0x20 z:/program files/avr/7.0/toolchain/avr8/avr8-gnu-toolchain/bin/../lib/gcc/avr/5.4.0/../../../../avr/lib/avr5\libc.a(strrev.o)
                0x00000694                strrev
                0x000006b4                . = ALIGN (0x2)
 *(.fini9)
 .fini9         0x000006b4        0x0 z:/program files/avr/7.0/toolchain/avr8/avr8-gnu-toolchain/bin/../lib/gcc/avr/5.4.0/avr5\libgcc.a(_exit.o)
                0x000006b4                _exit
                0x000006b4                exit
 *(.fini9)
 *(.fini8)
 *(.fini8)
 *(.fini7)
 *(.fini7)
 *(.fini6)
 *(.fini6)
 *(.fini5)
 *(.fini5)
 *(.fini4)
 *(.fini4)
 *(.fini3)
 *(.fini3)
 *(.fini2)
 *(.fini2)
 *(.fini1)
 *(.fini1)
 *(.fini0)
 .fini0         0x000006b4        0x4 z:/program files/avr/7.0/toolchain/avr8/avr8-gnu-toolchain/bin/../lib/gcc/avr/5.4.0/avr5\libgcc.a(_exit.o)
 *(.fini0)
                0x000006b8                _etext = .

.data           0x00800100       0x58 load address 0x000006b8
                0x00800100                PROVIDE (__data_start, .)
 *(.data)
 *(.data*)
 .data.Columna_1
                0x00800100        0x2 lcd_i2c.o
                0x00800100                Columna_1
 .data.g_update_display
                0x00800102        0x1 main.o
                0x00800102                g_update_display
 *(.gnu.linkonce.d*)
 *(.rodata)
 *(.rodata*)
 .rodata.str1.1
                0x00800103       0x54 main.o
 *(.gnu.linkonce.r*)
                0x00800158                . = ALIGN (0x2)
 *fill*         0x00800157        0x1 
                0x00800158                _edata = .
                0x00800158                PROVIDE (__data_end, .)

.bss            0x00800158        0xb
                0x00800158                PROVIDE (__bss_start, .)
 *(.bss)
 *(.bss*)
 .bss.g_flag    0x00800158        0x1 main.o
                0x00800158                g_flag
 .bss.g_state   0x00800159        0x1 main.o
                0x00800159                g_state
 .bss.g_counter
                0x0080015a        0x4 main.o
                0x0080015a                g_counter
 .bss.prescaler
                0x0080015e        0x2 timers.o
 .bss.g_timer   0x00800160        0x2 timers.o
                0x00800160                g_timer
 *(COMMON)
 COMMON         0x00800162        0x1 timers.o
                0x00800162                tot_overflow
                0x00800163                PROVIDE (__bss_end, .)
                0x000006b8                __data_load_start = LOADADDR (.data)
                0x00000710                __data_load_end = (__data_load_start + SIZEOF (.data))

.noinit         0x00800163        0x0
                [!provide]                PROVIDE (__noinit_start, .)
 *(.noinit*)
                [!provide]                PROVIDE (__noinit_end, .)
                0x00800163                _end = .
                [!provide]                PROVIDE (__heap_start, .)

.eeprom         0x00810000        0x0
 *(.eeprom*)
                0x00810000                __eeprom_end = .

.fuse
 *(.fuse)
 *(.lfuse)
 *(.hfuse)
 *(.efuse)

.lock
 *(.lock*)

.signature
 *(.signature*)

.user_signatures
 *(.user_signatures*)

.stab
 *(.stab)

.stabstr
 *(.stabstr)

.stab.excl
 *(.stab.excl)

.stab.exclstr
 *(.stab.exclstr)

.stab.index
 *(.stab.index)

.stab.indexstr
 *(.stab.indexstr)

.comment        0x00000000       0x30
 *(.comment)
 .comment       0x00000000       0x30 comp.o
                                 0x31 (size before relaxing)
 .comment       0x00000030       0x31 ext_int.o
 .comment       0x00000030       0x31 i2c.o
 .comment       0x00000030       0x31 lcd_i2c.o
 .comment       0x00000030       0x31 main.o
 .comment       0x00000030       0x31 ports.o
 .comment       0x00000030       0x31 timers.o

.note.gnu.avr.deviceinfo
                0x00000000       0x40
 .note.gnu.avr.deviceinfo
                0x00000000       0x40 Z:/Program Files/AVR/7.0/Packs/atmel/ATmega_DFP/1.7.374/gcc/dev/atmega328p/avr5/crtatmega328p.o

.note.gnu.build-id
 *(.note.gnu.build-id)

.debug
 *(.debug)

.line
 *(.line)

.debug_srcinfo
 *(.debug_srcinfo)

.debug_sfnames
 *(.debug_sfnames)

.debug_aranges  0x00000000      0x1b8
 *(.debug_aranges)
 .debug_aranges
                0x00000000       0x28 comp.o
 .debug_aranges
                0x00000028       0x40 ext_int.o
 .debug_aranges
                0x00000068       0x40 i2c.o
 .debug_aranges
                0x000000a8       0x58 lcd_i2c.o
 .debug_aranges
                0x00000100       0x20 main.o
 .debug_aranges
                0x00000120       0x20 ports.o
 .debug_aranges
                0x00000140       0x78 timers.o

.debug_pubnames
 *(.debug_pubnames)

.debug_info     0x00000000     0x17a6
 *(.debug_info .gnu.linkonce.wi.*)
 .debug_info    0x00000000      0x5f4 Z:/Program Files/AVR/7.0/Packs/atmel/ATmega_DFP/1.7.374/gcc/dev/atmega328p/avr5/crtatmega328p.o
 .debug_info    0x000005f4       0xb0 comp.o
 .debug_info    0x000006a4      0x10a ext_int.o
 .debug_info    0x000007ae      0x177 i2c.o
 .debug_info    0x00000925      0x778 lcd_i2c.o
 .debug_info    0x0000109d      0x478 main.o
 .debug_info    0x00001515       0x83 ports.o
 .debug_info    0x00001598      0x20e timers.o

.debug_abbrev   0x00000000      0xc19
 *(.debug_abbrev)
 .debug_abbrev  0x00000000      0x5a2 Z:/Program Files/AVR/7.0/Packs/atmel/ATmega_DFP/1.7.374/gcc/dev/atmega328p/avr5/crtatmega328p.o
 .debug_abbrev  0x000005a2       0x81 comp.o
 .debug_abbrev  0x00000623       0x81 ext_int.o
 .debug_abbrev  0x000006a4       0xf8 i2c.o
 .debug_abbrev  0x0000079c      0x18d lcd_i2c.o
 .debug_abbrev  0x00000929      0x19f main.o
 .debug_abbrev  0x00000ac8       0x51 ports.o
 .debug_abbrev  0x00000b19      0x100 timers.o

.debug_line     0x00000000      0xd9d
 *(.debug_line .debug_line.* .debug_line_end)
 .debug_line    0x00000000      0x134 Z:/Program Files/AVR/7.0/Packs/atmel/ATmega_DFP/1.7.374/gcc/dev/atmega328p/avr5/crtatmega328p.o
 .debug_line    0x00000134       0xac comp.o
 .debug_line    0x000001e0      0x136 ext_int.o
 .debug_line    0x00000316      0x191 i2c.o
 .debug_line    0x000004a7      0x362 lcd_i2c.o
 .debug_line    0x00000809      0x1ed main.o
 .debug_line    0x000009f6       0xa3 ports.o
 .debug_line    0x00000a99      0x304 timers.o

.debug_frame    0x00000000      0x37c
 *(.debug_frame)
 .debug_frame   0x00000000       0x40 comp.o
 .debug_frame   0x00000040       0x90 ext_int.o
 .debug_frame   0x000000d0       0x64 i2c.o
 .debug_frame   0x00000134       0xe4 lcd_i2c.o
 .debug_frame   0x00000218       0x34 main.o
 .debug_frame   0x0000024c       0x24 ports.o
 .debug_frame   0x00000270      0x10c timers.o

.debug_str      0x00000000      0x69b
 *(.debug_str)
 .debug_str     0x00000000      0x208 Z:/Program Files/AVR/7.0/Packs/atmel/ATmega_DFP/1.7.374/gcc/dev/atmega328p/avr5/crtatmega328p.o
 .debug_str     0x00000208      0x14d comp.o
                                0x181 (size before relaxing)
 .debug_str     0x00000355       0x62 ext_int.o
                                0x1ba (size before relaxing)
 .debug_str     0x000003b7       0x7d i2c.o
                                0x1da (size before relaxing)
 .debug_str     0x00000434       0xac lcd_i2c.o
                                0x277 (size before relaxing)
 .debug_str     0x000004e0       0x84 main.o
                                0x25e (size before relaxing)
 .debug_str     0x00000564        0xd ports.o
                                0x170 (size before relaxing)
 .debug_str     0x00000571      0x12a timers.o
                                0x2dd (size before relaxing)

.debug_loc      0x00000000      0x9f3
 *(.debug_loc)
 .debug_loc     0x00000000       0x2f comp.o
 .debug_loc     0x0000002f       0xa7 ext_int.o
 .debug_loc     0x000000d6       0x73 i2c.o
 .debug_loc     0x00000149      0x703 lcd_i2c.o
 .debug_loc     0x0000084c       0xae main.o
 .debug_loc     0x000008fa       0xf9 timers.o

.debug_macinfo
 *(.debug_macinfo)

.debug_weaknames
 *(.debug_weaknames)

.debug_funcnames
 *(.debug_funcnames)

.debug_typenames
 *(.debug_typenames)

.debug_varnames
 *(.debug_varnames)

.debug_pubtypes
 *(.debug_pubtypes)

.debug_ranges   0x00000000      0x148
 *(.debug_ranges)
 .debug_ranges  0x00000000       0x18 comp.o
 .debug_ranges  0x00000018       0x30 ext_int.o
 .debug_ranges  0x00000048       0x30 i2c.o
 .debug_ranges  0x00000078       0x48 lcd_i2c.o
 .debug_ranges  0x000000c0       0x10 main.o
 .debug_ranges  0x000000d0       0x10 ports.o
 .debug_ranges  0x000000e0       0x68 timers.o

.debug_macro
 *(.debug_macro)
OUTPUT(sdk_2026.elf elf32-avr)
LOAD linker stubs
